// Vitest Snapshot v1

exports[`add attr Disabled 1`] = `
<body>
  <button
    disabled=""
    id="button"
  >
    event
  </button>
</body>
`;
